// Jest Snapshot v1, https://goo.gl/fbAQLP

exports[`<Game /> renders correctly 1`] = `
<Fragment>
  <GameView
    connectToGame={[MockFunction]}
  />
</Fragment>
`;
